[[1;34mINFO[m] Scanning for projects...
[[1;34mINFO[m] 
[[1;34mINFO[m] [1m-----------< [0;36mio.github.hiwepy:baiduapi-spring-boot-starter[0;1m >-----------[m
[[1;34mINFO[m] [1mBuilding io.github.hiwepy:baiduapi-spring-boot-starter 2.3.x.20240823.RELEASE[m
[[1;34mINFO[m] [1m--------------------------------[ jar ]---------------------------------[m
Downloading from aiban-tianyin-core: https://aiban-maven.pkg.coding.net/repository/tianyin/core/org/json/json/20160810/json-20160810.pom
Progress (1): 2.6 kB
Progress (1): 5.7 kB
                    
Downloaded from aiban-tianyin-core: https://aiban-maven.pkg.coding.net/repository/tianyin/core/org/json/json/20160810/json-20160810.pom (5.7 kB at 9.2 kB/s)
Downloading from aiban-tianyin-core: https://aiban-maven.pkg.coding.net/repository/tianyin/core/com/baidu/aip/java-sdk/4.16.19/java-sdk-4.16.19.jar
Downloading from aiban-tianyin-core: https://aiban-maven.pkg.coding.net/repository/tianyin/core/org/json/json/20160810/json-20160810.jar
Downloaded from aiban-tianyin-core: https://aiban-maven.pkg.coding.net/repository/tianyin/core/com/baidu/aip/java-sdk/4.16.19/java-sdk-4.16.19.jar (0 B at 0 B/s)
Progress (1): 2.6 kB
Progress (1): 5.4 kB
Progress (1): 9.5 kB
Progress (1): 12 kB 
Progress (1): 15 kB
Progress (1): 18 kB
Progress (1): 21 kB
Progress (1): 25 kB
Progress (1): 28 kB
Progress (1): 32 kB
Progress (1): 36 kB
Progress (1): 40 kB
Progress (1): 44 kB
Progress (1): 48 kB
Progress (1): 52 kB
Progress (1): 54 kB
                   
Downloaded from aiban-tianyin-core: https://aiban-maven.pkg.coding.net/repository/tianyin/core/org/json/json/20160810/json-20160810.jar (54 kB at 103 kB/s)
[[1;34mINFO[m] 
[[1;34mINFO[m] [1m--- [0;32mmaven-clean-plugin:3.1.0:clean[m [1m(default-clean)[m @ [36mbaiduapi-spring-boot-starter[0;1m ---[m
[[1;34mINFO[m] Deleting /Users/wandl/workspaces/workspace-ddd4j/workspace-ddd4j-boot-starters/baiduapi-spring-boot-starter/target
[[1;34mINFO[m] 
[[1;34mINFO[m] [1m--- [0;32mmaven-enforcer-plugin:3.0.0-M3:enforce[m [1m(default-cli)[m @ [36mbaiduapi-spring-boot-starter[0;1m ---[m
[[1;34mINFO[m] 
[[1;34mINFO[m] [1m--- [0;32mmaven-resources-plugin:3.1.0:resources[m [1m(default-resources)[m @ [36mbaiduapi-spring-boot-starter[0;1m ---[m
[[1;34mINFO[m] Using 'UTF-8' encoding to copy filtered resources.
[[1;34mINFO[m] Copying 0 resource
[[1;34mINFO[m] Copying 2 resources
[[1;34mINFO[m] 
[[1;34mINFO[m] [1m--- [0;32mmaven-compiler-plugin:3.8.1:compile[m [1m(default-compile)[m @ [36mbaiduapi-spring-boot-starter[0;1m ---[m
[[1;34mINFO[m] Changes detected - recompiling the module!
[[1;34mINFO[m] Compiling 16 source files to /Users/wandl/workspaces/workspace-ddd4j/workspace-ddd4j-boot-starters/baiduapi-spring-boot-starter/target/classes
[[1;34mINFO[m] [1m------------------------------------------------------------------------[m
[[1;34mINFO[m] [1;31mBUILD FAILURE[m
[[1;34mINFO[m] [1m------------------------------------------------------------------------[m
[[1;34mINFO[m] Total time:  1.858 s
[[1;34mINFO[m] Finished at: 2026-03-16T13:42:15+08:00
[[1;34mINFO[m] [1m------------------------------------------------------------------------[m
[[1;31mERROR[m] Failed to execute goal [32morg.apache.maven.plugins:maven-compiler-plugin:3.8.1:compile[m [1m(default-compile)[m on project [36mbaiduapi-spring-boot-starter[m: [1;31mFatal error compiling[m: java.lang.IllegalAccessError: class lombok.javac.apt.LombokProcessor (in unnamed module @0x7c0e4e4e) cannot access class com.sun.tools.javac.processing.JavacProcessingEnvironment (in module jdk.compiler) because module jdk.compiler does not export com.sun.tools.javac.processing to unnamed module @0x7c0e4e4e -> [1m[Help 1][m
[[1;31mERROR[m] 
[[1;31mERROR[m] To see the full stack trace of the errors, re-run Maven with the [1m-e[m switch.
[[1;31mERROR[m] Re-run Maven using the [1m-X[m switch to enable full debug logging.
[[1;31mERROR[m] 
[[1;31mERROR[m] For more information about the errors and possible solutions, please read the following articles:
[[1;31mERROR[m] [1m[Help 1][m http://cwiki.apache.org/confluence/display/MAVEN/MojoExecutionException
[baiduapi-spring-boot-starter/2.3.x] 失败 - 查看日志
[[1;34mINFO[m] Scanning for projects...
[[1;34mINFO[m] 
[[1;34mINFO[m] [1m-----------< [0;36mio.github.hiwepy:baiduapi-spring-boot-starter[0;1m >-----------[m
[[1;34mINFO[m] [1mBuilding io.github.hiwepy:baiduapi-spring-boot-starter 2.7.x.20240823.RELEASE[m
[[1;34mINFO[m] [1m--------------------------------[ jar ]---------------------------------[m
[[1;34mINFO[m] 
[[1;34mINFO[m] [1m--- [0;32mmaven-clean-plugin:3.2.0:clean[m [1m(default-clean)[m @ [36mbaiduapi-spring-boot-starter[0;1m ---[m
[[1;34mINFO[m] Deleting /Users/wandl/workspaces/workspace-ddd4j/workspace-ddd4j-boot-starters/baiduapi-spring-boot-starter/target
[[1;34mINFO[m] 
[[1;34mINFO[m] [1m--- [0;32mmaven-enforcer-plugin:3.0.0:enforce[m [1m(default-cli)[m @ [36mbaiduapi-spring-boot-starter[0;1m ---[m
[[1;34mINFO[m] 
[[1;34mINFO[m] [1m--- [0;32mmaven-resources-plugin:3.1.0:resources[m [1m(default-resources)[m @ [36mbaiduapi-spring-boot-starter[0;1m ---[m
[[1;34mINFO[m] Using 'UTF-8' encoding to copy filtered resources.
[[1;34mINFO[m] Copying 0 resource
[[1;34mINFO[m] Copying 2 resources
[[1;34mINFO[m] 
[[1;34mINFO[m] [1m--- [0;32mmaven-compiler-plugin:3.10.1:compile[m [1m(default-compile)[m @ [36mbaiduapi-spring-boot-starter[0;1m ---[m
[[1;34mINFO[m] Changes detected - recompiling the module!
[[1;34mINFO[m] Compiling 16 source files to /Users/wandl/workspaces/workspace-ddd4j/workspace-ddd4j-boot-starters/baiduapi-spring-boot-starter/target/classes
[[1;34mINFO[m] /Users/wandl/workspaces/workspace-ddd4j/workspace-ddd4j-boot-starters/baiduapi-spring-boot-starter/src/main/java/com/baidu/ai/aip/utils/HttpUtil.java: 某些输入文件使用或覆盖了已过时的 API。
[[1;34mINFO[m] /Users/wandl/workspaces/workspace-ddd4j/workspace-ddd4j-boot-starters/baiduapi-spring-boot-starter/src/main/java/com/baidu/ai/aip/utils/HttpUtil.java: 有关详细信息, 请使用 -Xlint:deprecation 重新编译。
[[1;34mINFO[m] 
[[1;34mINFO[m] [1m--- [0;32mmaven-resources-plugin:3.1.0:testResources[m [1m(default-testResources)[m @ [36mbaiduapi-spring-boot-starter[0;1m ---[m
[[1;34mINFO[m] Not copying test resources
[[1;34mINFO[m] 
[[1;34mINFO[m] [1m--- [0;32mmaven-compiler-plugin:3.10.1:testCompile[m [1m(default-testCompile)[m @ [36mbaiduapi-spring-boot-starter[0;1m ---[m
[[1;34mINFO[m] Not compiling test sources
[[1;34mINFO[m] 
[[1;34mINFO[m] [1m--- [0;32mmaven-surefire-plugin:2.22.1:test[m [1m(default-test)[m @ [36mbaiduapi-spring-boot-starter[0;1m ---[m
[[1;34mINFO[m] Tests are skipped.
[[1;34mINFO[m] 
[[1;34mINFO[m] [1m--- [0;32mmaven-jar-plugin:3.1.1:jar[m [1m(default-jar)[m @ [36mbaiduapi-spring-boot-starter[0;1m ---[m
[[1;34mINFO[m] Building jar: /Users/wandl/workspaces/workspace-ddd4j/workspace-ddd4j-boot-starters/baiduapi-spring-boot-starter/target/baiduapi-spring-boot-starter-2.7.x.20240823.RELEASE.jar
[[1;34mINFO[m] 
[[1;34mINFO[m] [1m--- [0;32mmaven-source-plugin:3.2.1:jar-no-fork[m [1m(attach-sources)[m @ [36mbaiduapi-spring-boot-starter[0;1m ---[m
[[1;34mINFO[m] Building jar: /Users/wandl/workspaces/workspace-ddd4j/workspace-ddd4j-boot-starters/baiduapi-spring-boot-starter/target/baiduapi-spring-boot-starter-2.7.x.20240823.RELEASE-sources.jar
[[1;34mINFO[m] 
[[1;34mINFO[m] [1m--- [0;32mmaven-install-plugin:2.5.2:install[m [1m(default-install)[m @ [36mbaiduapi-spring-boot-starter[0;1m ---[m
[[1;34mINFO[m] Installing /Users/wandl/workspaces/workspace-ddd4j/workspace-ddd4j-boot-starters/baiduapi-spring-boot-starter/target/baiduapi-spring-boot-starter-2.7.x.20240823.RELEASE.jar to /Users/wandl/.m2/repository/com/github/hiwepy/baiduapi-spring-boot-starter/2.7.x.20240823.RELEASE/baiduapi-spring-boot-starter-2.7.x.20240823.RELEASE.jar
[[1;34mINFO[m] Installing /Users/wandl/workspaces/workspace-ddd4j/workspace-ddd4j-boot-starters/baiduapi-spring-boot-starter/pom.xml to /Users/wandl/.m2/repository/com/github/hiwepy/baiduapi-spring-boot-starter/2.7.x.20240823.RELEASE/baiduapi-spring-boot-starter-2.7.x.20240823.RELEASE.pom
[[1;34mINFO[m] Installing /Users/wandl/workspaces/workspace-ddd4j/workspace-ddd4j-boot-starters/baiduapi-spring-boot-starter/target/baiduapi-spring-boot-starter-2.7.x.20240823.RELEASE-sources.jar to /Users/wandl/.m2/repository/com/github/hiwepy/baiduapi-spring-boot-starter/2.7.x.20240823.RELEASE/baiduapi-spring-boot-starter-2.7.x.20240823.RELEASE-sources.jar
[[1;34mINFO[m] 
[[1;34mINFO[m] [1m--- [0;32mmaven-deploy-plugin:2.8.2:deploy[m [1m(default-deploy)[m @ [36mbaiduapi-spring-boot-starter[0;1m ---[m
[[1;34mINFO[m] Using alternate deployment repository maven-releases::default::https://packages.aliyun.com/5fdc0afd99b59ba3c5ead757/maven/maven-releases
Uploading to maven-releases: https://packages.aliyun.com/5fdc0afd99b59ba3c5ead757/maven/maven-releases/com/github/hiwepy/baiduapi-spring-boot-starter/2.7.x.20240823.RELEASE/baiduapi-spring-boot-starter-2.7.x.20240823.RELEASE.jar
Progress (1): 4.1/40 kB
Progress (1): 8.2/40 kB
Progress (1): 12/40 kB 
Progress (1): 16/40 kB
Progress (1): 20/40 kB
Progress (1): 25/40 kB
Progress (1): 29/40 kB
Progress (1): 33/40 kB
Progress (1): 37/40 kB
Progress (1): 40 kB   
                   
Uploaded to maven-releases: https://packages.aliyun.com/5fdc0afd99b59ba3c5ead757/maven/maven-releases/com/github/hiwepy/baiduapi-spring-boot-starter/2.7.x.20240823.RELEASE/baiduapi-spring-boot-starter-2.7.x.20240823.RELEASE.jar (40 kB at 30 kB/s)
Uploading to maven-releases: https://packages.aliyun.com/5fdc0afd99b59ba3c5ead757/maven/maven-releases/com/github/hiwepy/baiduapi-spring-boot-starter/2.7.x.20240823.RELEASE/baiduapi-spring-boot-starter-2.7.x.20240823.RELEASE.pom
Progress (1): 4.1/17 kB
Progress (1): 8.2/17 kB
Progress (1): 12/17 kB 
Progress (1): 16/17 kB
Progress (1): 17 kB   
                   
Uploaded to maven-releases: https://packages.aliyun.com/5fdc0afd99b59ba3c5ead757/maven/maven-releases/com/github/hiwepy/baiduapi-spring-boot-starter/2.7.x.20240823.RELEASE/baiduapi-spring-boot-starter-2.7.x.20240823.RELEASE.pom (17 kB at 18 kB/s)
Downloading from maven-releases: https://packages.aliyun.com/5fdc0afd99b59ba3c5ead757/maven/maven-releases/com/github/hiwepy/baiduapi-spring-boot-starter/maven-metadata.xml
Uploading to maven-releases: https://packages.aliyun.com/5fdc0afd99b59ba3c5ead757/maven/maven-releases/com/github/hiwepy/baiduapi-spring-boot-starter/maven-metadata.xml
Progress (1): 359 B
                   
Uploaded to maven-releases: https://packages.aliyun.com/5fdc0afd99b59ba3c5ead757/maven/maven-releases/com/github/hiwepy/baiduapi-spring-boot-starter/maven-metadata.xml (359 B at 307 B/s)
Uploading to maven-releases: https://packages.aliyun.com/5fdc0afd99b59ba3c5ead757/maven/maven-releases/com/github/hiwepy/baiduapi-spring-boot-starter/2.7.x.20240823.RELEASE/baiduapi-spring-boot-starter-2.7.x.20240823.RELEASE-sources.jar
Progress (1): 4.1/38 kB
Progress (1): 8.2/38 kB
Progress (1): 12/38 kB 
Progress (1): 16/38 kB
Progress (1): 20/38 kB
Progress (1): 25/38 kB
Progress (1): 29/38 kB
Progress (1): 33/38 kB
Progress (1): 37/38 kB
Progress (1): 38 kB   
                   
Uploaded to maven-releases: https://packages.aliyun.com/5fdc0afd99b59ba3c5ead757/maven/maven-releases/com/github/hiwepy/baiduapi-spring-boot-starter/2.7.x.20240823.RELEASE/baiduapi-spring-boot-starter-2.7.x.20240823.RELEASE-sources.jar (38 kB at 29 kB/s)
[[1;34mINFO[m] [1m------------------------------------------------------------------------[m
[[1;34mINFO[m] [1;32mBUILD SUCCESS[m
[[1;34mINFO[m] [1m------------------------------------------------------------------------[m
[[1;34mINFO[m] Total time:  6.075 s
[[1;34mINFO[m] Finished at: 2026-03-16T13:42:21+08:00
[[1;34mINFO[m] [1m------------------------------------------------------------------------[m
[baiduapi-spring-boot-starter/2.7.x] 成功
[[1;34mINFO[m] Scanning for projects...
[[1;34mINFO[m] 
[[1;34mINFO[m] [1m-----------< [0;36mio.github.hiwepy:baiduapi-spring-boot-starter[0;1m >-----------[m
[[1;34mINFO[m] [1mBuilding io.github.hiwepy:baiduapi-spring-boot-starter 3.0.x.20251227-SNAPSHOT[m
[[1;34mINFO[m] [1m--------------------------------[ jar ]---------------------------------[m
[[1;34mINFO[m] 
[[1;34mINFO[m] [1m--- [0;32mmaven-clean-plugin:3.4.0:clean[m [1m(default-clean)[m @ [36mbaiduapi-spring-boot-starter[0;1m ---[m
[[1;34mINFO[m] Deleting /Users/wandl/workspaces/workspace-ddd4j/workspace-ddd4j-boot-starters/baiduapi-spring-boot-starter/target
[[1;34mINFO[m] 
[[1;34mINFO[m] [1m--- [0;32mmaven-enforcer-plugin:3.5.0:enforce[m [1m(default-cli)[m @ [36mbaiduapi-spring-boot-starter[0;1m ---[m
[[1;34mINFO[m] Rule 1: org.apache.maven.enforcer.rules.version.RequireJavaVersion passed
[[1;34mINFO[m] [1m------------------------------------------------------------------------[m
[[1;34mINFO[m] [1;31mBUILD FAILURE[m
[[1;34mINFO[m] [1m------------------------------------------------------------------------[m
[[1;34mINFO[m] Total time:  0.286 s
[[1;34mINFO[m] Finished at: 2026-03-16T13:42:22+08:00
[[1;34mINFO[m] [1m------------------------------------------------------------------------[m
[[1;31mERROR[m] Failed to execute goal [32morg.apache.maven.plugins:maven-enforcer-plugin:3.5.0:enforce[m [1m(default-cli)[m on project [36mbaiduapi-spring-boot-starter[m: [1;31m[m
[[1;31mERROR[m] [1;31mRule 0: org.apache.maven.enforcer.rules.version.RequireMavenVersion failed with message:[m
[[1;31mERROR[m] [1;31mYou are running an older version of Maven. This application requires at least Maven 3.9.9.[m
[[1;31mERROR[m] -> [1m[Help 1][m
[[1;31mERROR[m] 
[[1;31mERROR[m] To see the full stack trace of the errors, re-run Maven with the [1m-e[m switch.
[[1;31mERROR[m] Re-run Maven using the [1m-X[m switch to enable full debug logging.
[[1;31mERROR[m] 
[[1;31mERROR[m] For more information about the errors and possible solutions, please read the following articles:
[[1;31mERROR[m] [1m[Help 1][m http://cwiki.apache.org/confluence/display/MAVEN/MojoExecutionException
[baiduapi-spring-boot-starter/3.0.x] 失败 - 查看日志
[[1;34mINFO[m] Scanning for projects...
[[1;34mINFO[m] 
[[1;34mINFO[m] [1m-----------< [0;36mio.github.hiwepy:baiduapi-spring-boot-starter[0;1m >-----------[m
[[1;34mINFO[m] [1mBuilding io.github.hiwepy:baiduapi-spring-boot-starter 3.1.x.20251227-SNAPSHOT[m
[[1;34mINFO[m] [1m--------------------------------[ jar ]---------------------------------[m
[[1;34mINFO[m] 
[[1;34mINFO[m] [1m--- [0;32mmaven-clean-plugin:3.4.0:clean[m [1m(default-clean)[m @ [36mbaiduapi-spring-boot-starter[0;1m ---[m
[[1;34mINFO[m] 
[[1;34mINFO[m] [1m--- [0;32mmaven-enforcer-plugin:3.5.0:enforce[m [1m(default-cli)[m @ [36mbaiduapi-spring-boot-starter[0;1m ---[m
[[1;34mINFO[m] Rule 1: org.apache.maven.enforcer.rules.version.RequireJavaVersion passed
[[1;34mINFO[m] [1m------------------------------------------------------------------------[m
[[1;34mINFO[m] [1;31mBUILD FAILURE[m
[[1;34mINFO[m] [1m------------------------------------------------------------------------[m
[[1;34mINFO[m] Total time:  0.285 s
[[1;34mINFO[m] Finished at: 2026-03-16T13:42:23+08:00
[[1;34mINFO[m] [1m------------------------------------------------------------------------[m
[[1;31mERROR[m] Failed to execute goal [32morg.apache.maven.plugins:maven-enforcer-plugin:3.5.0:enforce[m [1m(default-cli)[m on project [36mbaiduapi-spring-boot-starter[m: [1;31m[m
[[1;31mERROR[m] [1;31mRule 0: org.apache.maven.enforcer.rules.version.RequireMavenVersion failed with message:[m
[[1;31mERROR[m] [1;31mYou are running an older version of Maven. This application requires at least Maven 3.9.9.[m
[[1;31mERROR[m] -> [1m[Help 1][m
[[1;31mERROR[m] 
[[1;31mERROR[m] To see the full stack trace of the errors, re-run Maven with the [1m-e[m switch.
[[1;31mERROR[m] Re-run Maven using the [1m-X[m switch to enable full debug logging.
[[1;31mERROR[m] 
[[1;31mERROR[m] For more information about the errors and possible solutions, please read the following articles:
[[1;31mERROR[m] [1m[Help 1][m http://cwiki.apache.org/confluence/display/MAVEN/MojoExecutionException
[baiduapi-spring-boot-starter/3.1.x] 失败 - 查看日志
[[1;34mINFO[m] Scanning for projects...
[[1;34mINFO[m] 
[[1;34mINFO[m] [1m-----------< [0;36mio.github.hiwepy:baiduapi-spring-boot-starter[0;1m >-----------[m
[[1;34mINFO[m] [1mBuilding io.github.hiwepy:baiduapi-spring-boot-starter 3.2.x.20251227-SNAPSHOT[m
[[1;34mINFO[m] [1m--------------------------------[ jar ]---------------------------------[m
[[1;34mINFO[m] 
[[1;34mINFO[m] [1m--- [0;32mmaven-clean-plugin:3.4.0:clean[m [1m(default-clean)[m @ [36mbaiduapi-spring-boot-starter[0;1m ---[m
[[1;34mINFO[m] 
[[1;34mINFO[m] [1m--- [0;32mmaven-enforcer-plugin:3.5.0:enforce[m [1m(default-cli)[m @ [36mbaiduapi-spring-boot-starter[0;1m ---[m
[[1;34mINFO[m] Rule 1: org.apache.maven.enforcer.rules.version.RequireJavaVersion passed
[[1;34mINFO[m] [1m------------------------------------------------------------------------[m
[[1;34mINFO[m] [1;31mBUILD FAILURE[m
[[1;34mINFO[m] [1m------------------------------------------------------------------------[m
[[1;34mINFO[m] Total time:  0.274 s
[[1;34mINFO[m] Finished at: 2026-03-16T13:42:23+08:00
[[1;34mINFO[m] [1m------------------------------------------------------------------------[m
[[1;31mERROR[m] Failed to execute goal [32morg.apache.maven.plugins:maven-enforcer-plugin:3.5.0:enforce[m [1m(default-cli)[m on project [36mbaiduapi-spring-boot-starter[m: [1;31m[m
[[1;31mERROR[m] [1;31mRule 0: org.apache.maven.enforcer.rules.version.RequireMavenVersion failed with message:[m
[[1;31mERROR[m] [1;31mYou are running an older version of Maven. This application requires at least Maven 3.9.9.[m
[[1;31mERROR[m] -> [1m[Help 1][m
[[1;31mERROR[m] 
[[1;31mERROR[m] To see the full stack trace of the errors, re-run Maven with the [1m-e[m switch.
[[1;31mERROR[m] Re-run Maven using the [1m-X[m switch to enable full debug logging.
[[1;31mERROR[m] 
[[1;31mERROR[m] For more information about the errors and possible solutions, please read the following articles:
[[1;31mERROR[m] [1m[Help 1][m http://cwiki.apache.org/confluence/display/MAVEN/MojoExecutionException
[baiduapi-spring-boot-starter/3.2.x] 失败 - 查看日志
[[1;34mINFO[m] Scanning for projects...
[[1;34mINFO[m] 
[[1;34mINFO[m] [1m-----------< [0;36mio.github.hiwepy:baiduapi-spring-boot-starter[0;1m >-----------[m
[[1;34mINFO[m] [1mBuilding io.github.hiwepy:baiduapi-spring-boot-starter 3.3.x.20251227-SNAPSHOT[m
[[1;34mINFO[m] [1m--------------------------------[ jar ]---------------------------------[m
[[1;34mINFO[m] 
[[1;34mINFO[m] [1m--- [0;32mmaven-clean-plugin:3.4.0:clean[m [1m(default-clean)[m @ [36mbaiduapi-spring-boot-starter[0;1m ---[m
[[1;34mINFO[m] 
[[1;34mINFO[m] [1m--- [0;32mmaven-enforcer-plugin:3.5.0:enforce[m [1m(default-cli)[m @ [36mbaiduapi-spring-boot-starter[0;1m ---[m
[[1;34mINFO[m] Rule 1: org.apache.maven.enforcer.rules.version.RequireJavaVersion passed
[[1;34mINFO[m] [1m------------------------------------------------------------------------[m
[[1;34mINFO[m] [1;31mBUILD FAILURE[m
[[1;34mINFO[m] [1m------------------------------------------------------------------------[m
[[1;34mINFO[m] Total time:  0.270 s
[[1;34mINFO[m] Finished at: 2026-03-16T13:42:24+08:00
[[1;34mINFO[m] [1m------------------------------------------------------------------------[m
[[1;31mERROR[m] Failed to execute goal [32morg.apache.maven.plugins:maven-enforcer-plugin:3.5.0:enforce[m [1m(default-cli)[m on project [36mbaiduapi-spring-boot-starter[m: [1;31m[m
[[1;31mERROR[m] [1;31mRule 0: org.apache.maven.enforcer.rules.version.RequireMavenVersion failed with message:[m
[[1;31mERROR[m] [1;31mYou are running an older version of Maven. This application requires at least Maven 3.9.9.[m
[[1;31mERROR[m] -> [1m[Help 1][m
[[1;31mERROR[m] 
[[1;31mERROR[m] To see the full stack trace of the errors, re-run Maven with the [1m-e[m switch.
[[1;31mERROR[m] Re-run Maven using the [1m-X[m switch to enable full debug logging.
[[1;31mERROR[m] 
[[1;31mERROR[m] For more information about the errors and possible solutions, please read the following articles:
[[1;31mERROR[m] [1m[Help 1][m http://cwiki.apache.org/confluence/display/MAVEN/MojoExecutionException
[baiduapi-spring-boot-starter/3.3.x] 失败 - 查看日志
[[1;34mINFO[m] Scanning for projects...
[[1;34mINFO[m] 
[[1;34mINFO[m] [1m-----------< [0;36mio.github.hiwepy:baiduapi-spring-boot-starter[0;1m >-----------[m
[[1;34mINFO[m] [1mBuilding io.github.hiwepy:baiduapi-spring-boot-starter 3.4.x.20251227-SNAPSHOT[m
[[1;34mINFO[m] [1m--------------------------------[ jar ]---------------------------------[m
[[1;34mINFO[m] 
[[1;34mINFO[m] [1m--- [0;32mmaven-clean-plugin:3.4.0:clean[m [1m(default-clean)[m @ [36mbaiduapi-spring-boot-starter[0;1m ---[m
[[1;34mINFO[m] 
[[1;34mINFO[m] [1m--- [0;32mmaven-enforcer-plugin:3.5.0:enforce[m [1m(default-cli)[m @ [36mbaiduapi-spring-boot-starter[0;1m ---[m
[[1;34mINFO[m] Rule 1: org.apache.maven.enforcer.rules.version.RequireJavaVersion passed
[[1;34mINFO[m] [1m------------------------------------------------------------------------[m
[[1;34mINFO[m] [1;31mBUILD FAILURE[m
[[1;34mINFO[m] [1m------------------------------------------------------------------------[m
[[1;34mINFO[m] Total time:  0.282 s
[[1;34mINFO[m] Finished at: 2026-03-16T13:42:25+08:00
[[1;34mINFO[m] [1m------------------------------------------------------------------------[m
[[1;31mERROR[m] Failed to execute goal [32morg.apache.maven.plugins:maven-enforcer-plugin:3.5.0:enforce[m [1m(default-cli)[m on project [36mbaiduapi-spring-boot-starter[m: [1;31m[m
[[1;31mERROR[m] [1;31mRule 0: org.apache.maven.enforcer.rules.version.RequireMavenVersion failed with message:[m
[[1;31mERROR[m] [1;31mYou are running an older version of Maven. This application requires at least Maven 3.9.9.[m
[[1;31mERROR[m] -> [1m[Help 1][m
[[1;31mERROR[m] 
[[1;31mERROR[m] To see the full stack trace of the errors, re-run Maven with the [1m-e[m switch.
[[1;31mERROR[m] Re-run Maven using the [1m-X[m switch to enable full debug logging.
[[1;31mERROR[m] 
[[1;31mERROR[m] For more information about the errors and possible solutions, please read the following articles:
[[1;31mERROR[m] [1m[Help 1][m http://cwiki.apache.org/confluence/display/MAVEN/MojoExecutionException
[baiduapi-spring-boot-starter/3.4.x] 失败 - 查看日志
[[1;34mINFO[m] Scanning for projects...
[[1;34mINFO[m] 
[[1;34mINFO[m] [1m-----------< [0;36mio.github.hiwepy:baiduapi-spring-boot-starter[0;1m >-----------[m
[[1;34mINFO[m] [1mBuilding io.github.hiwepy:baiduapi-spring-boot-starter 3.5.x.20251227-SNAPSHOT[m
[[1;34mINFO[m] [1m--------------------------------[ jar ]---------------------------------[m
[[1;34mINFO[m] 
[[1;34mINFO[m] [1m--- [0;32mmaven-clean-plugin:3.4.0:clean[m [1m(default-clean)[m @ [36mbaiduapi-spring-boot-starter[0;1m ---[m
[[1;34mINFO[m] 
[[1;34mINFO[m] [1m--- [0;32mmaven-enforcer-plugin:3.5.0:enforce[m [1m(default-cli)[m @ [36mbaiduapi-spring-boot-starter[0;1m ---[m
[[1;34mINFO[m] Rule 1: org.apache.maven.enforcer.rules.version.RequireJavaVersion passed
[[1;34mINFO[m] [1m------------------------------------------------------------------------[m
[[1;34mINFO[m] [1;31mBUILD FAILURE[m
[[1;34mINFO[m] [1m------------------------------------------------------------------------[m
[[1;34mINFO[m] Total time:  0.281 s
[[1;34mINFO[m] Finished at: 2026-03-16T13:42:25+08:00
[[1;34mINFO[m] [1m------------------------------------------------------------------------[m
[[1;31mERROR[m] Failed to execute goal [32morg.apache.maven.plugins:maven-enforcer-plugin:3.5.0:enforce[m [1m(default-cli)[m on project [36mbaiduapi-spring-boot-starter[m: [1;31m[m
[[1;31mERROR[m] [1;31mRule 0: org.apache.maven.enforcer.rules.version.RequireMavenVersion failed with message:[m
[[1;31mERROR[m] [1;31mYou are running an older version of Maven. This application requires at least Maven 3.9.9.[m
[[1;31mERROR[m] -> [1m[Help 1][m
[[1;31mERROR[m] 
[[1;31mERROR[m] To see the full stack trace of the errors, re-run Maven with the [1m-e[m switch.
[[1;31mERROR[m] Re-run Maven using the [1m-X[m switch to enable full debug logging.
[[1;31mERROR[m] 
[[1;31mERROR[m] For more information about the errors and possible solutions, please read the following articles:
[[1;31mERROR[m] [1m[Help 1][m http://cwiki.apache.org/confluence/display/MAVEN/MojoExecutionException
[baiduapi-spring-boot-starter/3.5.x] 失败 - 查看日志
[[1;34mINFO[m] Scanning for projects...
[[1;34mINFO[m] 
[[1;34mINFO[m] [1m-----------< [0;36mio.github.hiwepy:baiduapi-spring-boot-starter[0;1m >-----------[m
[[1;34mINFO[m] [1mBuilding io.github.hiwepy:baiduapi-spring-boot-starter 4.0.x.20251227-SNAPSHOT[m
[[1;34mINFO[m] [1m--------------------------------[ jar ]---------------------------------[m
[[1;34mINFO[m] 
[[1;34mINFO[m] [1m--- [0;32mmaven-clean-plugin:3.4.0:clean[m [1m(default-clean)[m @ [36mbaiduapi-spring-boot-starter[0;1m ---[m
[[1;34mINFO[m] 
[[1;34mINFO[m] [1m--- [0;32mmaven-enforcer-plugin:3.5.0:enforce[m [1m(default-cli)[m @ [36mbaiduapi-spring-boot-starter[0;1m ---[m
[[1;34mINFO[m] Rule 1: org.apache.maven.enforcer.rules.version.RequireJavaVersion passed
[[1;34mINFO[m] [1m------------------------------------------------------------------------[m
[[1;34mINFO[m] [1;31mBUILD FAILURE[m
[[1;34mINFO[m] [1m------------------------------------------------------------------------[m
[[1;34mINFO[m] Total time:  0.285 s
[[1;34mINFO[m] Finished at: 2026-03-16T13:42:26+08:00
[[1;34mINFO[m] [1m------------------------------------------------------------------------[m
[[1;31mERROR[m] Failed to execute goal [32morg.apache.maven.plugins:maven-enforcer-plugin:3.5.0:enforce[m [1m(default-cli)[m on project [36mbaiduapi-spring-boot-starter[m: [1;31m[m
[[1;31mERROR[m] [1;31mRule 0: org.apache.maven.enforcer.rules.version.RequireMavenVersion failed with message:[m
[[1;31mERROR[m] [1;31mYou are running an older version of Maven. This application requires at least Maven 3.9.9.[m
[[1;31mERROR[m] -> [1m[Help 1][m
[[1;31mERROR[m] 
[[1;31mERROR[m] To see the full stack trace of the errors, re-run Maven with the [1m-e[m switch.
[[1;31mERROR[m] Re-run Maven using the [1m-X[m switch to enable full debug logging.
[[1;31mERROR[m] 
[[1;31mERROR[m] For more information about the errors and possible solutions, please read the following articles:
[[1;31mERROR[m] [1m[Help 1][m http://cwiki.apache.org/confluence/display/MAVEN/MojoExecutionException
[baiduapi-spring-boot-starter/4.0.x] 失败 - 查看日志
[[1;34mINFO[m] Scanning for projects...
[[1;34mINFO[m] 
[[1;34mINFO[m] [1m-----------< [0;36mio.github.hiwepy:baiduapi-spring-boot-starter[0;1m >-----------[m
[[1;34mINFO[m] [1mBuilding io.github.hiwepy:baiduapi-spring-boot-starter 2.0.1-SNAPSHOT[m
[[1;34mINFO[m] [1m--------------------------------[ jar ]---------------------------------[m
Downloading from aiban-tianyin-core: https://aiban-maven.pkg.coding.net/repository/tianyin/core/com/google/guava/guava/31.0.1-jre/guava-31.0.1-jre.pom
Downloaded from aiban-tianyin-core: https://aiban-maven.pkg.coding.net/repository/tianyin/core/com/google/guava/guava/31.0.1-jre/guava-31.0.1-jre.pom (0 B at 0 B/s)
Downloading from aiban-tianyin-core: https://aiban-maven.pkg.coding.net/repository/tianyin/core/com/google/guava/guava-parent/31.0.1-jre/guava-parent-31.0.1-jre.pom
Downloaded from aiban-tianyin-core: https://aiban-maven.pkg.coding.net/repository/tianyin/core/com/google/guava/guava-parent/31.0.1-jre/guava-parent-31.0.1-jre.pom (0 B at 0 B/s)
Downloading from aiban-tianyin-core: https://aiban-maven.pkg.coding.net/repository/tianyin/core/org/checkerframework/checker-qual/3.12.0/checker-qual-3.12.0.pom
Downloaded from aiban-tianyin-core: https://aiban-maven.pkg.coding.net/repository/tianyin/core/org/checkerframework/checker-qual/3.12.0/checker-qual-3.12.0.pom (0 B at 0 B/s)
Downloading from aiban-tianyin-core: https://aiban-maven.pkg.coding.net/repository/tianyin/core/com/google/errorprone/error_prone_annotations/2.7.1/error_prone_annotations-2.7.1.pom
Downloaded from aiban-tianyin-core: https://aiban-maven.pkg.coding.net/repository/tianyin/core/com/google/errorprone/error_prone_annotations/2.7.1/error_prone_annotations-2.7.1.pom (0 B at 0 B/s)
Downloading from aiban-tianyin-core: https://aiban-maven.pkg.coding.net/repository/tianyin/core/com/google/errorprone/error_prone_parent/2.7.1/error_prone_parent-2.7.1.pom
Downloaded from aiban-tianyin-core: https://aiban-maven.pkg.coding.net/repository/tianyin/core/com/google/errorprone/error_prone_parent/2.7.1/error_prone_parent-2.7.1.pom (0 B at 0 B/s)
Downloading from aiban-tianyin-core: https://aiban-maven.pkg.coding.net/repository/tianyin/core/com/alibaba/fastjson/2.0.7/fastjson-2.0.7.pom
Progress (1): 2.6 kB
Progress (1): 6.7 kB
Progress (1): 11 kB 
Progress (1): 12 kB
                   
Downloaded from aiban-tianyin-core: https://aiban-maven.pkg.coding.net/repository/tianyin/core/com/alibaba/fastjson/2.0.7/fastjson-2.0.7.pom (12 kB at 37 kB/s)
Downloading from aiban-tianyin-core: https://aiban-maven.pkg.coding.net/repository/tianyin/core/com/alibaba/fastjson2/fastjson2-parent/2.0.7/fastjson2-parent-2.0.7.pom
Progress (1): 2.6 kB
Progress (1): 6.7 kB
Progress (1): 11 kB 
Progress (1): 14 kB
Progress (1): 17 kB
Progress (1): 21 kB
Progress (1): 25 kB
Progress (1): 29 kB
Progress (1): 33 kB
Progress (1): 36 kB
Progress (1): 39 kB
Progress (1): 40 kB
                   
Downloaded from aiban-tianyin-core: https://aiban-maven.pkg.coding.net/repository/tianyin/core/com/alibaba/fastjson2/fastjson2-parent/2.0.7/fastjson2-parent-2.0.7.pom (40 kB at 114 kB/s)
Downloading from aiban-tianyin-core: https://aiban-maven.pkg.coding.net/repository/tianyin/core/org/eclipse/jetty/jetty-bom/9.4.17.v20190418/jetty-bom-9.4.17.v20190418.pom
Progress (1): 3.8 kB
Progress (1): 7.9 kB
Progress (1): 11 kB 
Progress (1): 15 kB
Progress (1): 17 kB
                   
Downloaded from aiban-tianyin-core: https://aiban-maven.pkg.coding.net/repository/tianyin/core/org/eclipse/jetty/jetty-bom/9.4.17.v20190418/jetty-bom-9.4.17.v20190418.pom (17 kB at 62 kB/s)
Downloading from aiban-tianyin-core: https://aiban-maven.pkg.coding.net/repository/tianyin/core/org/glassfish/jersey/jersey-bom/2.23.2/jersey-bom-2.23.2.pom
Progress (1): 4.1 kB
Progress (1): 6.9 kB
Progress (1): 11 kB 
Progress (1): 14 kB
Progress (1): 16 kB
Progress (1): 21 kB
Progress (1): 22 kB
                   
Downloaded from aiban-tianyin-core: https://aiban-maven.pkg.coding.net/repository/tianyin/core/org/glassfish/jersey/jersey-bom/2.23.2/jersey-bom-2.23.2.pom (22 kB at 65 kB/s)
Downloading from aiban-tianyin-core: https://aiban-maven.pkg.coding.net/repository/tianyin/core/org/jetbrains/kotlin/kotlin-bom/1.6.10/kotlin-bom-1.6.10.pom
Progress (1): 4.1 kB
Progress (1): 8.1 kB
Progress (1): 9.3 kB
                    
Downloaded from aiban-tianyin-core: https://aiban-maven.pkg.coding.net/repository/tianyin/core/org/jetbrains/kotlin/kotlin-bom/1.6.10/kotlin-bom-1.6.10.pom (9.3 kB at 36 kB/s)
Downloading from aiban-tianyin-core: https://aiban-maven.pkg.coding.net/repository/tianyin/core/org/springframework/spring-framework-bom/5.3.19/spring-framework-bom-5.3.19.pom
Progress (1): 4.1 kB
Progress (1): 5.7 kB
                    
Downloaded from aiban-tianyin-core: https://aiban-maven.pkg.coding.net/repository/tianyin/core/org/springframework/spring-framework-bom/5.3.19/spring-framework-bom-5.3.19.pom (5.7 kB at 18 kB/s)
Downloading from aiban-tianyin-core: https://aiban-maven.pkg.coding.net/repository/tianyin/core/org/springframework/data/spring-data-bom/2021.1.4/spring-data-bom-2021.1.4.pom
Progress (1): 2.6 kB
Progress (1): 5.7 kB
                    
Downloaded from aiban-tianyin-core: https://aiban-maven.pkg.coding.net/repository/tianyin/core/org/springframework/data/spring-data-bom/2021.1.4/spring-data-bom-2021.1.4.pom (5.7 kB at 21 kB/s)
Downloading from aiban-tianyin-core: https://aiban-maven.pkg.coding.net/repository/tianyin/core/org/springframework/security/spring-security-bom/5.6.3/spring-security-bom-5.6.3.pom
Progress (1): 2.6 kB
Progress (1): 5.7 kB
                    
Downloaded from aiban-tianyin-core: https://aiban-maven.pkg.coding.net/repository/tianyin/core/org/springframework/security/spring-security-bom/5.6.3/spring-security-bom-5.6.3.pom (5.7 kB at 22 kB/s)
Downloading from aiban-tianyin-core: https://aiban-maven.pkg.coding.net/repository/tianyin/core/com/alibaba/fastjson2/fastjson2-extension/2.0.7/fastjson2-extension-2.0.7.pom
Progress (1): 2.6 kB
Progress (1): 6.7 kB
Progress (1): 6.9 kB
                    
Downloaded from aiban-tianyin-core: https://aiban-maven.pkg.coding.net/repository/tianyin/core/com/alibaba/fastjson2/fastjson2-extension/2.0.7/fastjson2-extension-2.0.7.pom (6.9 kB at 23 kB/s)
Downloading from aiban-tianyin-core: https://aiban-maven.pkg.coding.net/repository/tianyin/core/com/alibaba/fastjson2/fastjson2/2.0.7/fastjson2-2.0.7.pom
Progress (1): 2.6 kB
Progress (1): 6.7 kB
Progress (1): 8.0 kB
                    
Downloaded from aiban-tianyin-core: https://aiban-maven.pkg.coding.net/repository/tianyin/core/com/alibaba/fastjson2/fastjson2/2.0.7/fastjson2-2.0.7.pom (8.0 kB at 27 kB/s)
Downloading from aiban-tianyin-core: https://aiban-maven.pkg.coding.net/repository/tianyin/core/com/baidu/aip/java-sdk/4.16.8/java-sdk-4.16.8.pom
Downloaded from aiban-tianyin-core: https://aiban-maven.pkg.coding.net/repository/tianyin/core/com/baidu/aip/java-sdk/4.16.8/java-sdk-4.16.8.pom (0 B at 0 B/s)
Downloading from aiban-tianyin-core: https://aiban-maven.pkg.coding.net/repository/tianyin/core/org/codehaus/mojo/animal-sniffer-annotations/1.14/animal-sniffer-annotations-1.14.pom
Downloaded from aiban-tianyin-core: https://aiban-maven.pkg.coding.net/repository/tianyin/core/org/codehaus/mojo/animal-sniffer-annotations/1.14/animal-sniffer-annotations-1.14.pom (0 B at 0 B/s)
Downloading from aiban-tianyin-core: https://aiban-maven.pkg.coding.net/repository/tianyin/core/org/codehaus/mojo/animal-sniffer-parent/1.14/animal-sniffer-parent-1.14.pom
Downloaded from aiban-tianyin-core: https://aiban-maven.pkg.coding.net/repository/tianyin/core/org/codehaus/mojo/animal-sniffer-parent/1.14/animal-sniffer-parent-1.14.pom (0 B at 0 B/s)
Downloading from aiban-tianyin-core: https://aiban-maven.pkg.coding.net/repository/tianyin/core/org/codehaus/mojo/mojo-parent/34/mojo-parent-34.pom
Downloaded from aiban-tianyin-core: https://aiban-maven.pkg.coding.net/repository/tianyin/core/org/codehaus/mojo/mojo-parent/34/mojo-parent-34.pom (0 B at 0 B/s)
Downloading from aiban-tianyin-core: https://aiban-maven.pkg.coding.net/repository/tianyin/core/org/codehaus/codehaus-parent/4/codehaus-parent-4.pom
Downloaded from aiban-tianyin-core: https://aiban-maven.pkg.coding.net/repository/tianyin/core/org/codehaus/codehaus-parent/4/codehaus-parent-4.pom (0 B at 0 B/s)
Downloading from aiban-tianyin-core: https://aiban-maven.pkg.coding.net/repository/tianyin/core/org/checkerframework/checker-qual/3.12.0/checker-qual-3.12.0.jar
Downloading from aiban-tianyin-core: https://aiban-maven.pkg.coding.net/repository/tianyin/core/com/alibaba/fastjson/2.0.7/fastjson-2.0.7.jar
Downloading from aiban-tianyin-core: https://aiban-maven.pkg.coding.net/repository/tianyin/core/com/google/errorprone/error_prone_annotations/2.7.1/error_prone_annotations-2.7.1.jar
Downloading from aiban-tianyin-core: https://aiban-maven.pkg.coding.net/repository/tianyin/core/com/google/guava/guava/31.0.1-jre/guava-31.0.1-jre.jar
Downloading from aiban-tianyin-core: https://aiban-maven.pkg.coding.net/repository/tianyin/core/com/alibaba/fastjson2/fastjson2-extension/2.0.7/fastjson2-extension-2.0.7.jar
Downloaded from aiban-tianyin-core: https://aiban-maven.pkg.coding.net/repository/tianyin/core/org/checkerframework/checker-qual/3.12.0/checker-qual-3.12.0.jar (0 B at 0 B/s)
Downloading from aiban-tianyin-core: https://aiban-maven.pkg.coding.net/repository/tianyin/core/com/alibaba/fastjson2/fastjson2/2.0.7/fastjson2-2.0.7.jar
Downloaded from aiban-tianyin-core: https://aiban-maven.pkg.coding.net/repository/tianyin/core/com/google/errorprone/error_prone_annotations/2.7.1/error_prone_annotations-2.7.1.jar (0 B at 0 B/s)
Downloading from aiban-tianyin-core: https://aiban-maven.pkg.coding.net/repository/tianyin/core/com/baidu/aip/java-sdk/4.16.8/java-sdk-4.16.8.jar
Progress (1): 2.6 kB
Progress (1): 6.7 kB
Progress (2): 6.7 kB | 4.0 kB
Progress (2): 6.7 kB | 6.8 kB
Progress (2): 11 kB | 6.8 kB 
                            
Downloaded from aiban-tianyin-core: https://aiban-maven.pkg.coding.net/repository/tianyin/core/com/google/guava/guava/31.0.1-jre/guava-31.0.1-jre.jar (0 B at 0 B/s)
Progress (2): 15 kB | 6.8 kB
Progress (2): 19 kB | 6.8 kB
Progress (2): 19 kB | 11 kB 
Progress (2): 23 kB | 11 kB
Progress (2): 23 kB | 14 kB
Progress (2): 23 kB | 18 kB
Progress (2): 27 kB | 18 kB
Progress (2): 31 kB | 18 kB
Progress (2): 35 kB | 18 kB
Progress (2): 38 kB | 18 kB
Progress (2): 40 kB | 18 kB
Progress (2): 43 kB | 18 kB
Progress (2): 47 kB | 18 kB
Progress (2): 51 kB | 18 kB
Progress (2): 54 kB | 18 kB
Progress (2): 58 kB | 18 kB
Progress (2): 63 kB | 18 kB
Progress (2): 63 kB | 21 kB
Progress (2): 63 kB | 24 kB
Progress (2): 63 kB | 28 kB
Progress (2): 63 kB | 32 kB
Progress (2): 63 kB | 36 kB
Progress (2): 67 kB | 36 kB
Progress (2): 71 kB | 36 kB
Progress (2): 75 kB | 36 kB
Progress (2): 79 kB | 36 kB
Progress (2): 83 kB | 36 kB
Progress (2): 86 kB | 36 kB
                           
Downloaded from aiban-tianyin-core: https://aiban-maven.pkg.coding.net/repository/tianyin/core/com/baidu/aip/java-sdk/4.16.8/java-sdk-4.16.8.jar (0 B at 0 B/s)
Progress (3): 86 kB | 36 kB | 4.0 kB
Progress (3): 86 kB | 36 kB | 8.1 kB
Progress (3): 86 kB | 36 kB | 11 kB 
Progress (3): 86 kB | 36 kB | 14 kB
Progress (3): 86 kB | 36 kB | 17 kB
Progress (3): 86 kB | 36 kB | 21 kB
Progress (3): 86 kB | 36 kB | 23 kB
Progress (3): 86 kB | 36 kB | 28 kB
Progress (3): 86 kB | 36 kB | 32 kB
Progress (3): 86 kB | 36 kB | 36 kB
Progress (3): 86 kB | 40 kB | 36 kB
Progress (3): 86 kB | 40 kB | 39 kB
Progress (3): 86 kB | 42 kB | 39 kB
Progress (3): 86 kB | 42 kB | 42 kB
Progress (3): 86 kB | 45 kB | 42 kB
Progress (3): 86 kB | 45 kB | 46 kB
Progress (3): 86 kB | 47 kB | 46 kB
Progress (3): 86 kB | 50 kB | 46 kB
Progress (3): 86 kB | 50 kB | 49 kB
Progress (3): 86 kB | 53 kB | 49 kB
Progress (3): 86 kB | 57 kB | 49 kB
Progress (3): 86 kB | 61 kB | 49 kB
Progress (3): 86 kB | 65 kB | 49 kB
Progress (3): 86 kB | 69 kB | 49 kB
Progress (3): 86 kB | 73 kB | 49 kB
Progress (3): 86 kB | 73 kB | 52 kB
Progress (3): 86 kB | 73 kB | 56 kB
Progress (3): 86 kB | 77 kB | 56 kB
Progress (3): 86 kB | 77 kB | 59 kB
Progress (3): 86 kB | 82 kB | 59 kB
Progress (3): 86 kB | 82 kB | 63 kB
Progress (3): 86 kB | 86 kB | 63 kB
Progress (3): 86 kB | 90 kB | 63 kB
Progress (3): 86 kB | 94 kB | 63 kB
Progress (3): 86 kB | 98 kB | 63 kB
Progress (3): 86 kB | 102 kB | 63 kB
Progress (3): 86 kB | 106 kB | 63 kB
Progress (3): 86 kB | 110 kB | 63 kB
Progress (3): 86 kB | 114 kB | 63 kB
Progress (3): 86 kB | 118 kB | 63 kB
Progress (3): 86 kB | 122 kB | 63 kB
Progress (3): 86 kB | 125 kB | 63 kB
Progress (3): 86 kB | 125 kB | 66 kB
Progress (3): 86 kB | 125 kB | 70 kB
Progress (3): 86 kB | 125 kB | 73 kB
Progress (3): 86 kB | 125 kB | 75 kB
Progress (3): 86 kB | 125 kB | 80 kB
Progress (3): 86 kB | 125 kB | 84 kB
Progress (3): 86 kB | 125 kB | 88 kB
Progress (3): 86 kB | 125 kB | 92 kB
Progress (3): 86 kB | 125 kB | 96 kB
Progress (3): 86 kB | 125 kB | 100 kB
Progress (3): 86 kB | 125 kB | 104 kB
Progress (3): 86 kB | 125 kB | 108 kB
Progress (3): 86 kB | 125 kB | 112 kB
Progress (3): 86 kB | 125 kB | 116 kB
Progress (3): 86 kB | 125 kB | 121 kB
Progress (3): 86 kB | 125 kB | 125 kB
Progress (3): 86 kB | 125 kB | 129 kB
Progress (3): 86 kB | 125 kB | 133 kB
Progress (3): 86 kB | 125 kB | 137 kB
Progress (3): 86 kB | 125 kB | 141 kB
Progress (3): 86 kB | 125 kB | 145 kB
Progress (3): 86 kB | 125 kB | 149 kB
Progress (3): 86 kB | 125 kB | 153 kB
Progress (3): 86 kB | 125 kB | 157 kB
Progress (3): 86 kB | 125 kB | 161 kB
Progress (3): 86 kB | 125 kB | 166 kB
Progress (3): 86 kB | 125 kB | 170 kB
Progress (3): 86 kB | 125 kB | 174 kB
Progress (3): 86 kB | 125 kB | 178 kB
Progress (3): 86 kB | 125 kB | 182 kB
Progress (3): 86 kB | 125 kB | 186 kB
Progress (3): 86 kB | 125 kB | 190 kB
Progress (3): 86 kB | 125 kB | 194 kB
Progress (3): 86 kB | 125 kB | 198 kB
Progress (3): 86 kB | 125 kB | 202 kB
Progress (3): 86 kB | 125 kB | 206 kB
Progress (3): 86 kB | 125 kB | 211 kB
Progress (3): 86 kB | 125 kB | 215 kB
Progress (3): 86 kB | 125 kB | 219 kB
Progress (3): 86 kB | 125 kB | 223 kB
Progress (3): 86 kB | 125 kB | 227 kB
Progress (3): 86 kB | 125 kB | 231 kB
Progress (3): 86 kB | 125 kB | 235 kB
Progress (3): 86 kB | 125 kB | 239 kB
Progress (3): 86 kB | 125 kB | 243 kB
Progress (3): 86 kB | 125 kB | 247 kB
Progress (3): 86 kB | 125 kB | 252 kB
Progress (3): 86 kB | 125 kB | 256 kB
Progress (3): 86 kB | 125 kB | 260 kB
Progress (3): 86 kB | 125 kB | 264 kB
Progress (3): 86 kB | 125 kB | 268 kB
Progress (3): 86 kB | 125 kB | 272 kB
Progress (3): 86 kB | 125 kB | 276 kB
Progress (3): 86 kB | 125 kB | 280 kB
Progress (3): 86 kB | 125 kB | 284 kB
Progress (3): 86 kB | 125 kB | 288 kB
Progress (3): 86 kB | 125 kB | 292 kB
Progress (3): 86 kB | 125 kB | 297 kB
Progress (3): 86 kB | 125 kB | 301 kB
Progress (3): 86 kB | 125 kB | 305 kB
Progress (3): 86 kB | 125 kB | 309 kB
                                     
Downloaded from aiban-tianyin-core: https://aiban-maven.pkg.coding.net/repository/tianyin/core/com/alibaba/fastjson2/fastjson2-extension/2.0.7/fastjson2-extension-2.0.7.jar (86 kB at 102 kB/s)
Progress (2): 125 kB | 313 kB
Progress (2): 125 kB | 317 kB
Progress (2): 125 kB | 321 kB
Progress (2): 125 kB | 325 kB
Progress (2): 125 kB | 329 kB
Progress (2): 125 kB | 333 kB
Progress (2): 125 kB | 337 kB
Progress (2): 125 kB | 342 kB
Progress (2): 125 kB | 346 kB
Progress (2): 125 kB | 350 kB
                             
Downloaded from aiban-tianyin-core: https://aiban-maven.pkg.coding.net/repository/tianyin/core/com/alibaba/fastjson/2.0.7/fastjson-2.0.7.jar (125 kB at 137 kB/s)
Progress (1): 354 kB
Progress (1): 358 kB
Progress (1): 362 kB
Progress (1): 366 kB
Progress (1): 370 kB
Progress (1): 374 kB
Progress (1): 378 kB
Progress (1): 382 kB
Progress (1): 387 kB
Progress (1): 391 kB
Progress (1): 395 kB
Progress (1): 399 kB
Progress (1): 403 kB
Progress (1): 407 kB
Progress (1): 411 kB
Progress (1): 415 kB
Progress (1): 419 kB
Progress (1): 423 kB
Progress (1): 427 kB
Progress (1): 432 kB
Progress (1): 436 kB
Progress (1): 440 kB
Progress (1): 444 kB
Progress (1): 448 kB
Progress (1): 452 kB
Progress (1): 456 kB
Progress (1): 460 kB
Progress (1): 464 kB
Progress (1): 468 kB
Progress (1): 473 kB
Progress (1): 477 kB
Progress (1): 481 kB
Progress (1): 485 kB
Progress (1): 489 kB
Progress (1): 493 kB
Progress (1): 497 kB
Progress (1): 501 kB
Progress (1): 505 kB
Progress (1): 509 kB
Progress (1): 513 kB
Progress (1): 518 kB
Progress (1): 522 kB
Progress (1): 526 kB
Progress (1): 530 kB
Progress (1): 534 kB
Progress (1): 538 kB
Progress (1): 542 kB
Progress (1): 546 kB
Progress (1): 550 kB
Progress (1): 554 kB
Progress (1): 558 kB
Progress (1): 563 kB
Progress (1): 567 kB
Progress (1): 571 kB
Progress (1): 575 kB
Progress (1): 579 kB
Progress (1): 583 kB
Progress (1): 587 kB
Progress (1): 591 kB
Progress (1): 595 kB
Progress (1): 599 kB
Progress (1): 604 kB
Progress (1): 608 kB
Progress (1): 612 kB
Progress (1): 616 kB
Progress (1): 620 kB
Progress (1): 624 kB
Progress (1): 628 kB
Progress (1): 632 kB
Progress (1): 636 kB
Progress (1): 640 kB
Progress (1): 644 kB
Progress (1): 649 kB
Progress (1): 653 kB
Progress (1): 657 kB
Progress (1): 661 kB
Progress (1): 665 kB
Progress (1): 669 kB
Progress (1): 673 kB
Progress (1): 677 kB
Progress (1): 681 kB
Progress (1): 685 kB
Progress (1): 690 kB
Progress (1): 694 kB
Progress (1): 698 kB
Progress (1): 702 kB
Progress (1): 706 kB
Progress (1): 710 kB
Progress (1): 714 kB
Progress (1): 718 kB
Progress (1): 722 kB
Progress (1): 726 kB
Progress (1): 730 kB
Progress (1): 735 kB
Progress (1): 739 kB
Progress (1): 743 kB
Progress (1): 747 kB
Progress (1): 751 kB
Progress (1): 755 kB
Progress (1): 759 kB
Progress (1): 763 kB
Progress (1): 767 kB
Progress (1): 771 kB
Progress (1): 776 kB
Progress (1): 780 kB
Progress (1): 784 kB
Progress (1): 788 kB
Progress (1): 792 kB
Progress (1): 796 kB
Progress (1): 800 kB
Progress (1): 804 kB
Progress (1): 808 kB
Progress (1): 812 kB
Progress (1): 817 kB
Progress (1): 821 kB
Progress (1): 825 kB
Progress (1): 829 kB
Progress (1): 833 kB
Progress (1): 837 kB
Progress (1): 841 kB
Progress (1): 845 kB
Progress (1): 849 kB
Progress (1): 853 kB
Progress (1): 857 kB
Progress (1): 862 kB
Progress (1): 866 kB
Progress (1): 870 kB
Progress (1): 874 kB
Progress (1): 878 kB
Progress (1): 882 kB
Progress (1): 886 kB
Progress (1): 890 kB
Progress (1): 894 kB
Progress (1): 898 kB
Progress (1): 903 kB
Progress (1): 907 kB
Progress (1): 911 kB
Progress (1): 915 kB
Progress (1): 919 kB
Progress (1): 923 kB
Progress (1): 927 kB
Progress (1): 931 kB
Progress (1): 935 kB
Progress (1): 938 kB
Progress (1): 941 kB
Progress (1): 945 kB
Progress (1): 949 kB
Progress (1): 953 kB
Progress (1): 957 kB
Progress (1): 959 kB
Progress (1): 963 kB
Progress (1): 967 kB
Progress (1): 972 kB
Progress (1): 976 kB
Progress (1): 980 kB
Progress (1): 984 kB
Progress (1): 988 kB
Progress (1): 992 kB
Progress (1): 996 kB
Progress (1): 1.0 MB
Progress (1): 1.0 MB
Progress (1): 1.0 MB
Progress (1): 1.0 MB
Progress (1): 1.0 MB
Progress (1): 1.0 MB
Progress (1): 1.0 MB
Progress (1): 1.0 MB
Progress (1): 1.0 MB
Progress (1): 1.0 MB
Progress (1): 1.0 MB
Progress (1): 1.0 MB
Progress (1): 1.0 MB
Progress (1): 1.1 MB
Progress (1): 1.1 MB
Progress (1): 1.1 MB
Progress (1): 1.1 MB
Progress (1): 1.1 MB
Progress (1): 1.1 MB
Progress (1): 1.1 MB
Progress (1): 1.1 MB
Progress (1): 1.1 MB
Progress (1): 1.1 MB
Progress (1): 1.1 MB
Progress (1): 1.1 MB
Progress (1): 1.1 MB
Progress (1): 1.1 MB
Progress (1): 1.1 MB
Progress (1): 1.1 MB
Progress (1): 1.1 MB
Progress (1): 1.1 MB
Progress (1): 1.1 MB
Progress (1): 1.1 MB
Progress (1): 1.1 MB
Progress (1): 1.1 MB
Progress (1): 1.1 MB
Progress (1): 1.1 MB
Progress (1): 1.2 MB
Progress (1): 1.2 MB
Progress (1): 1.2 MB
Progress (1): 1.2 MB
Progress (1): 1.2 MB
Progress (1): 1.2 MB
Progress (1): 1.2 MB
Progress (1): 1.2 MB
Progress (1): 1.2 MB
Progress (1): 1.2 MB
Progress (1): 1.2 MB
Progress (1): 1.2 MB
Progress (1): 1.2 MB
Progress (1): 1.2 MB
Progress (1): 1.2 MB
Progress (1): 1.2 MB
Progress (1): 1.2 MB
Progress (1): 1.2 MB
Progress (1): 1.2 MB
Progress (1): 1.2 MB
Progress (1): 1.2 MB
Progress (1): 1.2 MB
Progress (1): 1.2 MB
Progress (1): 1.2 MB
Progress (1): 1.2 MB
Progress (1): 1.2 MB
Progress (1): 1.3 MB
Progress (1): 1.3 MB
Progress (1): 1.3 MB
Progress (1): 1.3 MB
Progress (1): 1.3 MB
Progress (1): 1.3 MB
Progress (1): 1.3 MB
Progress (1): 1.3 MB
Progress (1): 1.3 MB
Progress (1): 1.3 MB
Progress (1): 1.3 MB
Progress (1): 1.3 MB
Progress (1): 1.3 MB
Progress (1): 1.3 MB
Progress (1): 1.3 MB
Progress (1): 1.3 MB
Progress (1): 1.3 MB
Progress (1): 1.3 MB
Progress (1): 1.3 MB
Progress (1): 1.3 MB
Progress (1): 1.3 MB
Progress (1): 1.3 MB
Progress (1): 1.3 MB
Progress (1): 1.3 MB
Progress (1): 1.4 MB
Progress (1): 1.4 MB
Progress (1): 1.4 MB
Progress (1): 1.4 MB
Progress (1): 1.4 MB
Progress (1): 1.4 MB
Progress (1): 1.4 MB
Progress (1): 1.4 MB
Progress (1): 1.4 MB
Progress (1): 1.4 MB
Progress (1): 1.4 MB
Progress (1): 1.4 MB
Progress (1): 1.4 MB
Progress (1): 1.4 MB
Progress (1): 1.4 MB
Progress (1): 1.4 MB
Progress (1): 1.4 MB
Progress (1): 1.4 MB
Progress (1): 1.4 MB
Progress (1): 1.4 MB
Progress (1): 1.4 MB
Progress (1): 1.4 MB
Progress (1): 1.4 MB
Progress (1): 1.4 MB
Progress (1): 1.4 MB
                    
Downloaded from aiban-tianyin-core: https://aiban-maven.pkg.coding.net/repository/tianyin/core/com/alibaba/fastjson2/fastjson2/2.0.7/fastjson2-2.0.7.jar (1.4 MB at 1.2 MB/s)
[[1;34mINFO[m] 
[[1;34mINFO[m] [1m--- [0;32mmaven-clean-plugin:3.1.0:clean[m [1m(default-clean)[m @ [36mbaiduapi-spring-boot-starter[0;1m ---[m
[[1;34mINFO[m] 
[[1;34mINFO[m] [1m--- [0;32mmaven-enforcer-plugin:3.0.0:enforce[m [1m(default-cli)[m @ [36mbaiduapi-spring-boot-starter[0;1m ---[m
[[1;34mINFO[m] 
[[1;34mINFO[m] [1m--- [0;32mmaven-resources-plugin:3.1.0:resources[m [1m(default-resources)[m @ [36mbaiduapi-spring-boot-starter[0;1m ---[m
[[1;34mINFO[m] Using 'UTF-8' encoding to copy filtered resources.
[[1;34mINFO[m] Copying 0 resource
[[1;34mINFO[m] Copying 2 resources
[[1;34mINFO[m] 
[[1;34mINFO[m] [1m--- [0;32mmaven-compiler-plugin:3.8.1:compile[m [1m(default-compile)[m @ [36mbaiduapi-spring-boot-starter[0;1m ---[m
[[1;34mINFO[m] Changes detected - recompiling the module!
[[1;34mINFO[m] Compiling 16 source files to /Users/wandl/workspaces/workspace-ddd4j/workspace-ddd4j-boot-starters/baiduapi-spring-boot-starter/target/classes
[[1;34mINFO[m] /Users/wandl/workspaces/workspace-ddd4j/workspace-ddd4j-boot-starters/baiduapi-spring-boot-starter/src/main/java/com/baidu/ai/aip/utils/HttpUtil.java: 某些输入文件使用或覆盖了已过时的 API。
[[1;34mINFO[m] /Users/wandl/workspaces/workspace-ddd4j/workspace-ddd4j-boot-starters/baiduapi-spring-boot-starter/src/main/java/com/baidu/ai/aip/utils/HttpUtil.java: 有关详细信息, 请使用 -Xlint:deprecation 重新编译。
[[1;34mINFO[m] 
[[1;34mINFO[m] [1m--- [0;32mmaven-resources-plugin:3.1.0:testResources[m [1m(default-testResources)[m @ [36mbaiduapi-spring-boot-starter[0;1m ---[m
[[1;34mINFO[m] Not copying test resources
[[1;34mINFO[m] 
[[1;34mINFO[m] [1m--- [0;32mmaven-compiler-plugin:3.8.1:testCompile[m [1m(default-testCompile)[m @ [36mbaiduapi-spring-boot-starter[0;1m ---[m
[[1;34mINFO[m] Not compiling test sources
[[1;34mINFO[m] 
[[1;34mINFO[m] [1m--- [0;32mmaven-surefire-plugin:2.22.1:test[m [1m(default-test)[m @ [36mbaiduapi-spring-boot-starter[0;1m ---[m
[[1;34mINFO[m] Tests are skipped.
[[1;34mINFO[m] 
[[1;34mINFO[m] [1m--- [0;32mmaven-jar-plugin:3.1.1:jar[m [1m(default-jar)[m @ [36mbaiduapi-spring-boot-starter[0;1m ---[m
[[1;34mINFO[m] Building jar: /Users/wandl/workspaces/workspace-ddd4j/workspace-ddd4j-boot-starters/baiduapi-spring-boot-starter/target/baiduapi-spring-boot-starter-2.0.1-SNAPSHOT.jar
[[1;34mINFO[m] 
[[1;34mINFO[m] [1m--- [0;32mmaven-source-plugin:3.2.1:jar-no-fork[m [1m(attach-sources)[m @ [36mbaiduapi-spring-boot-starter[0;1m ---[m
[[1;34mINFO[m] Building jar: /Users/wandl/workspaces/workspace-ddd4j/workspace-ddd4j-boot-starters/baiduapi-spring-boot-starter/target/baiduapi-spring-boot-starter-2.0.1-SNAPSHOT-sources.jar
[[1;34mINFO[m] 
[[1;34mINFO[m] [1m--- [0;32mmaven-install-plugin:2.5.2:install[m [1m(default-install)[m @ [36mbaiduapi-spring-boot-starter[0;1m ---[m
[[1;34mINFO[m] Installing /Users/wandl/workspaces/workspace-ddd4j/workspace-ddd4j-boot-starters/baiduapi-spring-boot-starter/target/baiduapi-spring-boot-starter-2.0.1-SNAPSHOT.jar to /Users/wandl/.m2/repository/com/github/hiwepy/baiduapi-spring-boot-starter/2.0.1-SNAPSHOT/baiduapi-spring-boot-starter-2.0.1-SNAPSHOT.jar
[[1;34mINFO[m] Installing /Users/wandl/workspaces/workspace-ddd4j/workspace-ddd4j-boot-starters/baiduapi-spring-boot-starter/pom.xml to /Users/wandl/.m2/repository/com/github/hiwepy/baiduapi-spring-boot-starter/2.0.1-SNAPSHOT/baiduapi-spring-boot-starter-2.0.1-SNAPSHOT.pom
[[1;34mINFO[m] Installing /Users/wandl/workspaces/workspace-ddd4j/workspace-ddd4j-boot-starters/baiduapi-spring-boot-starter/target/baiduapi-spring-boot-starter-2.0.1-SNAPSHOT-sources.jar to /Users/wandl/.m2/repository/com/github/hiwepy/baiduapi-spring-boot-starter/2.0.1-SNAPSHOT/baiduapi-spring-boot-starter-2.0.1-SNAPSHOT-sources.jar
[[1;34mINFO[m] 
[[1;34mINFO[m] [1m--- [0;32mmaven-deploy-plugin:2.8.2:deploy[m [1m(default-deploy)[m @ [36mbaiduapi-spring-boot-starter[0;1m ---[m
[[1;34mINFO[m] Using alternate deployment repository maven-snapshots::default::https://packages.aliyun.com/5fdc0afd99b59ba3c5ead757/maven/maven-snapshots
Downloading from maven-snapshots: https://packages.aliyun.com/5fdc0afd99b59ba3c5ead757/maven/maven-snapshots/com/github/hiwepy/baiduapi-spring-boot-starter/2.0.1-SNAPSHOT/maven-metadata.xml
Uploading to maven-snapshots: https://packages.aliyun.com/5fdc0afd99b59ba3c5ead757/maven/maven-snapshots/com/github/hiwepy/baiduapi-spring-boot-starter/2.0.1-SNAPSHOT/baiduapi-spring-boot-starter-2.0.1-20260316.054235-1.jar
Progress (1): 4.1/40 kB
Progress (1): 8.2/40 kB
Progress (1): 12/40 kB 
Progress (1): 16/40 kB
Progress (1): 20/40 kB
Progress (1): 25/40 kB
Progress (1): 29/40 kB
Progress (1): 33/40 kB
Progress (1): 37/40 kB
Progress (1): 40 kB   
                   
Uploaded to maven-snapshots: https://packages.aliyun.com/5fdc0afd99b59ba3c5ead757/maven/maven-snapshots/com/github/hiwepy/baiduapi-spring-boot-starter/2.0.1-SNAPSHOT/baiduapi-spring-boot-starter-2.0.1-20260316.054235-1.jar (40 kB at 34 kB/s)
Uploading to maven-snapshots: https://packages.aliyun.com/5fdc0afd99b59ba3c5ead757/maven/maven-snapshots/com/github/hiwepy/baiduapi-spring-boot-starter/2.0.1-SNAPSHOT/baiduapi-spring-boot-starter-2.0.1-20260316.054235-1.pom
Progress (1): 4.1/17 kB
Progress (1): 8.2/17 kB
Progress (1): 12/17 kB 
Progress (1): 16/17 kB
Progress (1): 17 kB   
                   
Uploaded to maven-snapshots: https://packages.aliyun.com/5fdc0afd99b59ba3c5ead757/maven/maven-snapshots/com/github/hiwepy/baiduapi-spring-boot-starter/2.0.1-SNAPSHOT/baiduapi-spring-boot-starter-2.0.1-20260316.054235-1.pom (17 kB at 14 kB/s)
Downloading from maven-snapshots: https://packages.aliyun.com/5fdc0afd99b59ba3c5ead757/maven/maven-snapshots/com/github/hiwepy/baiduapi-spring-boot-starter/maven-metadata.xml
Uploading to maven-snapshots: https://packages.aliyun.com/5fdc0afd99b59ba3c5ead757/maven/maven-snapshots/com/github/hiwepy/baiduapi-spring-boot-starter/2.0.1-SNAPSHOT/maven-metadata.xml
Progress (1): 795 B
                   
Uploaded to maven-snapshots: https://packages.aliyun.com/5fdc0afd99b59ba3c5ead757/maven/maven-snapshots/com/github/hiwepy/baiduapi-spring-boot-starter/2.0.1-SNAPSHOT/maven-metadata.xml (795 B at 744 B/s)
Uploading to maven-snapshots: https://packages.aliyun.com/5fdc0afd99b59ba3c5ead757/maven/maven-snapshots/com/github/hiwepy/baiduapi-spring-boot-starter/maven-metadata.xml
Progress (1): 305 B
                   
Uploaded to maven-snapshots: https://packages.aliyun.com/5fdc0afd99b59ba3c5ead757/maven/maven-snapshots/com/github/hiwepy/baiduapi-spring-boot-starter/maven-metadata.xml (305 B at 271 B/s)
Uploading to maven-snapshots: https://packages.aliyun.com/5fdc0afd99b59ba3c5ead757/maven/maven-snapshots/com/github/hiwepy/baiduapi-spring-boot-starter/2.0.1-SNAPSHOT/baiduapi-spring-boot-starter-2.0.1-20260316.054235-1-sources.jar
Progress (1): 4.1/38 kB
Progress (1): 8.2/38 kB
Progress (1): 12/38 kB 
Progress (1): 16/38 kB
Progress (1): 20/38 kB
Progress (1): 25/38 kB
Progress (1): 29/38 kB
Progress (1): 33/38 kB
Progress (1): 37/38 kB
Progress (1): 38 kB   
                   
Uploaded to maven-snapshots: https://packages.aliyun.com/5fdc0afd99b59ba3c5ead757/maven/maven-snapshots/com/github/hiwepy/baiduapi-spring-boot-starter/2.0.1-SNAPSHOT/baiduapi-spring-boot-starter-2.0.1-20260316.054235-1-sources.jar (38 kB at 37 kB/s)
Uploading to maven-snapshots: https://packages.aliyun.com/5fdc0afd99b59ba3c5ead757/maven/maven-snapshots/com/github/hiwepy/baiduapi-spring-boot-starter/2.0.1-SNAPSHOT/maven-metadata.xml
Progress (1): 1.0 kB
                    
Uploaded to maven-snapshots: https://packages.aliyun.com/5fdc0afd99b59ba3c5ead757/maven/maven-snapshots/com/github/hiwepy/baiduapi-spring-boot-starter/2.0.1-SNAPSHOT/maven-metadata.xml (1.0 kB at 1.0 kB/s)
[[1;34mINFO[m] [1m------------------------------------------------------------------------[m
[[1;34mINFO[m] [1;32mBUILD SUCCESS[m
[[1;34mINFO[m] [1m------------------------------------------------------------------------[m
[[1;34mINFO[m] Total time:  15.393 s
[[1;34mINFO[m] Finished at: 2026-03-16T13:42:42+08:00
[[1;34mINFO[m] [1m------------------------------------------------------------------------[m
[baiduapi-spring-boot-starter/master] 成功
